<html>
<body>
<pre>
<h1>µVision Build Log</h1>
<h2>Tool Versions:</h2>
IDE-Version: ¶ÃVision V5.36.0.0
Copyright (C) 2021 ARM Ltd and ARM Germany GmbH. All rights reserved.
License Information: 1 123, 11, LIC=CZLZX-HA59D-63CMB-2CEBC-WVZYD-1S1KK
 
Tool Versions:
Toolchain:       MDK-ARM Plus  Version: 5.36.0.0
Toolchain Path:  D:\softs\Keil_v5\ARM\ARMCC\Bin
C Compiler:      Armcc.exe V5.06 update 7 (build 960)
Assembler:       Armasm.exe V5.06 update 7 (build 960)
Linker/Locator:  ArmLink.exe V5.06 update 7 (build 960)
Library Manager: ArmAr.exe V5.06 update 7 (build 960)
Hex Converter:   FromElf.exe V5.06 update 7 (build 960)
CPU DLL:         SARM.DLL V5.36.0.0
Dialog DLL:      DARMP.DLL V1.53.0.0
Target DLL:      Segger\JLTAgdi.dll V1.61.0.0
Dialog DLL:      TARMP.DLL V1.53.0.0
 
<h2>Project:</h2>
C:\Users\Tiger\Desktop\«∂»Î ΩøŒ…Ë\Washing\Washing.uvproj
Project File Date:  11/30/2021

<h2>Output:</h2>
*** Using Compiler 'V5.06 update 7 (build 960)', folder: 'D:\softs\Keil_v5\ARM\ARMCC\Bin'
Rebuild target 'Target 1'
compiling countdown.c...
compiling delay.c...
compiling digitaltube.c...
compiling main.c...
compiling timer.c...
compiling led.c...
compiling function.c...
assembling VIC_INT_CTRL.s...
compiling beep.c...
assembling Startup.s...
compiling motor.c...
compiling key.c...
compiling uart0.c...
linking...
Program Size: Code=3456 RO-data=56 RW-data=24 ZI-data=1256  
".\Objects\Washing.axf" - 0 Error(s), 0 Warning(s).
Build Time Elapsed:  00:00:01
</pre>
</body>
</html>
