<html>
<body>
<pre>
<h1>礦ision Build Log</h1>
<h2>Project:</h2>
I:\嵌入式课设\Washing\Washing.uvproj
Project File Date:  11/30/2021

<h2>Output:</h2>
compiling main.c...
"Source\main.c" - 0 Errors, 0 Warning(s).
Build target 'Target 1'
linking...
Program Size: Code=3272 RO-data=56 RW-data=20 ZI-data=1260  
".\Objects\Washing.axf" - 0 Errors, 0 Warning(s).
Rebuild target 'Target 1'
compiling main.c...
compiling delay.c...
compiling countdown.c...
compiling function.c...
compiling led.c...
compiling timer.c...
compiling digitaltube.c...
compiling beep.c...
compiling motor.c...
compiling key.c...
compiling uart0.c...
Source\uart0.c(43): warning:  #550-D: variable "flag" was set but never used
assembling VIC_INT_CTRL.s...
assembling Startup.s...
linking...
Program Size: Code=3276 RO-data=56 RW-data=20 ZI-data=1260  
".\Objects\Washing.axf" - 0 Errors, 1 Warning(s).
Load "I:\\嵌入式课设\\Washing\\Objects\\Washing.axf" 
Can not connect to J-Link via USB.
Load "I:\\嵌入式课设\\Washing\\Objects\\Washing.axf" 
Info:CRP Code is controled by user code.
Info:User should correctly and carefully fill CRP code(Address=0x1FC)!
Flash Write Done: 3352 bytes programmed.
Flash Verify Done: 3352 bytes verified.
Load "I:\\嵌入式课设\\Washing\\Objects\\Washing.axf" 
Info:CRP Code is controled by user code.
Info:User should correctly and carefully fill CRP code(Address=0x1FC)!
Flash Write Done: 3352 bytes programmed.
Flash Verify Done: 3352 bytes verified.
Rebuild target 'Target 1'
compiling main.c...
compiling delay.c...
compiling countdown.c...
compiling function.c...
compiling led.c...
compiling timer.c...
compiling digitaltube.c...
compiling beep.c...
compiling motor.c...
compiling key.c...
compiling uart0.c...
assembling VIC_INT_CTRL.s...
assembling Startup.s...
linking...
Program Size: Code=3352 RO-data=56 RW-data=24 ZI-data=1256  
".\Objects\Washing.axf" - 0 Errors, 0 Warning(s).
Rebuild target 'Target 1'
compiling main.c...
compiling delay.c...
compiling countdown.c...
compiling function.c...
compiling led.c...
compiling timer.c...
compiling digitaltube.c...
compiling beep.c...
compiling motor.c...
compiling key.c...
compiling uart0.c...
assembling VIC_INT_CTRL.s...
assembling Startup.s...
linking...
Program Size: Code=3500 RO-data=56 RW-data=24 ZI-data=1256  
".\Objects\Washing.axf" - 0 Errors, 0 Warning(s).
Load "I:\\嵌入式课设\\Washing\\Objects\\Washing.axf" 
Info:CRP Code is controled by user code.
Info:User should correctly and carefully fill CRP code(Address=0x1FC)!
Flash Write Done: 3580 bytes programmed.
Flash Verify Done: 3580 bytes verified.
Load "I:\\嵌入式课设\\Washing\\Objects\\Washing.axf" 
Info:CRP Code is controled by user code.
Info:User should correctly and carefully fill CRP code(Address=0x1FC)!
Flash Write Done: 3580 bytes programmed.
Flash Verify Done: 3580 bytes verified.
Rebuild target 'Target 1'
compiling main.c...
compiling delay.c...
compiling countdown.c...
compiling function.c...
compiling led.c...
compiling timer.c...
compiling digitaltube.c...
compiling beep.c...
compiling motor.c...
compiling key.c...
compiling uart0.c...
assembling VIC_INT_CTRL.s...
assembling Startup.s...
linking...
Program Size: Code=3500 RO-data=56 RW-data=24 ZI-data=1256  
".\Objects\Washing.axf" - 0 Errors, 0 Warning(s).
Load "I:\\嵌入式课设\\Washing\\Objects\\Washing.axf" 
Info:CRP Code is controled by user code.
Info:User should correctly and carefully fill CRP code(Address=0x1FC)!
Flash Write Done: 3580 bytes programmed.
Flash Verify Done: 3580 bytes verified.
Rebuild target 'Target 1'
compiling main.c...
compiling delay.c...
compiling countdown.c...
compiling function.c...
compiling led.c...
compiling timer.c...
compiling digitaltube.c...
compiling beep.c...
compiling motor.c...
compiling key.c...
compiling uart0.c...
assembling VIC_INT_CTRL.s...
assembling Startup.s...
linking...
Program Size: Code=3280 RO-data=56 RW-data=24 ZI-data=1256  
".\Objects\Washing.axf" - 0 Errors, 0 Warning(s).
Load "I:\\嵌入式课设\\Washing\\Objects\\Washing.axf" 
Info:CRP Code is controled by user code.
Info:User should correctly and carefully fill CRP code(Address=0x1FC)!
Flash Write Done: 3360 bytes programmed.
Flash Verify Done: 3360 bytes verified.
Rebuild target 'Target 1'
compiling main.c...
compiling delay.c...
compiling countdown.c...
compiling function.c...
compiling led.c...
compiling timer.c...
compiling digitaltube.c...
compiling beep.c...
compiling motor.c...
compiling key.c...
compiling uart0.c...
assembling VIC_INT_CTRL.s...
assembling Startup.s...
linking...
Program Size: Code=3280 RO-data=56 RW-data=24 ZI-data=1256  
".\Objects\Washing.axf" - 0 Errors, 0 Warning(s).
Load "I:\\嵌入式课设\\Washing\\Objects\\Washing.axf" 
Info:CRP Code is controled by user code.
Info:User should correctly and carefully fill CRP code(Address=0x1FC)!
Flash Write Done: 3360 bytes programmed.
Flash Verify Done: 3360 bytes verified.
Load "I:\\嵌入式课设\\Washing\\Objects\\Washing.axf" 
Info:CRP Code is controled by user code.
Info:User should correctly and carefully fill CRP code(Address=0x1FC)!
Flash Write Done: 3360 bytes programmed.
Flash Verify Done: 3360 bytes verified.
Rebuild target 'Target 1'
compiling main.c...
compiling delay.c...
compiling countdown.c...
compiling function.c...
compiling led.c...
compiling timer.c...
compiling digitaltube.c...
compiling beep.c...
compiling motor.c...
compiling key.c...
compiling uart0.c...
assembling VIC_INT_CTRL.s...
assembling Startup.s...
linking...
Program Size: Code=3280 RO-data=56 RW-data=24 ZI-data=1256  
".\Objects\Washing.axf" - 0 Errors, 0 Warning(s).
Load "I:\\嵌入式课设\\Washing\\Objects\\Washing.axf" 
Info:CRP Code is controled by user code.
Info:User should correctly and carefully fill CRP code(Address=0x1FC)!
Flash Write Done: 3360 bytes programmed.
Flash Verify Done: 3360 bytes verified.
