Component: ARM Compiler 5.06 update 7 (build 960) Tool: armlink [4d3601]

==============================================================================

Section Cross References

    main.o(i.main) refers to led.o(i.ledInit) for ledInit
    main.o(i.main) refers to digitaltube.o(i.digitalTubeInit) for digitalTubeInit
    main.o(i.main) refers to timer.o(i.timer0Init) for timer0Init
    main.o(i.main) refers to beep.o(i.beepInit) for beepInit
    main.o(i.main) refers to motor.o(i.motorInit) for motorInit
    main.o(i.main) refers to key.o(i.keyInit) for keyInit
    main.o(i.main) refers to uart0.o(i.uart0Init) for uart0Init
    main.o(i.main) refers to function.o(i.menu) for menu
    main.o(i.main) refers to uart0.o(i.UART0_SendBuf) for UART0_SendBuf
    main.o(i.main) refers to function.o(i.functionModel3) for functionModel3
    main.o(i.main) refers to led.o(i.led0On) for led0On
    main.o(i.main) refers to function.o(i.functionModel1) for functionModel1
    main.o(i.main) refers to function.o(i.functionModel2) for functionModel2
    main.o(i.main) refers to uart0.o(.data) for rcv_new
    main.o(i.main) refers to function.o(.data) for flag
    function.o(i.functionModel1) refers to led.o(i.led0Off) for led0Off
    function.o(i.functionModel1) refers to led.o(i.led1On) for led1On
    function.o(i.functionModel1) refers to motor.o(i.motorSpeed) for motorSpeed
    function.o(i.functionModel1) refers to digitaltube.o(i.digitalTubeShow) for digitalTubeShow
    function.o(i.functionModel1) refers to led.o(i.led1Off) for led1Off
    function.o(i.functionModel1) refers to beep.o(i.beepTimes) for beepTimes
    function.o(i.functionModel1) refers to led.o(i.led0On) for led0On
    function.o(i.functionModel1) refers to countdown.o(.data) for countDownNum
    function.o(i.functionModel2) refers to led.o(i.led0Off) for led0Off
    function.o(i.functionModel2) refers to led.o(i.led2On) for led2On
    function.o(i.functionModel2) refers to motor.o(i.motorSpeed) for motorSpeed
    function.o(i.functionModel2) refers to digitaltube.o(i.digitalTubeShow) for digitalTubeShow
    function.o(i.functionModel2) refers to led.o(i.led2Off) for led2Off
    function.o(i.functionModel2) refers to beep.o(i.beepTimes) for beepTimes
    function.o(i.functionModel2) refers to led.o(i.led0On) for led0On
    function.o(i.functionModel2) refers to countdown.o(.data) for countDownNum
    function.o(i.functionModel3) refers to led.o(i.led0Off) for led0Off
    function.o(i.functionModel3) refers to led.o(i.led3On) for led3On
    function.o(i.functionModel3) refers to motor.o(i.motorSpeed) for motorSpeed
    function.o(i.functionModel3) refers to digitaltube.o(i.digitalTubeShow) for digitalTubeShow
    function.o(i.functionModel3) refers to led.o(i.led3Off) for led3Off
    function.o(i.functionModel3) refers to beep.o(i.beepTimes) for beepTimes
    function.o(i.functionModel3) refers to led.o(i.led0On) for led0On
    function.o(i.functionModel3) refers to countdown.o(.data) for countDownNum
    function.o(i.menu) refers to key.o(i.keyScan) for keyScan
    function.o(i.menu) refers to function.o(.data) for .data
    led.o(i.ledInit) refers to led.o(i.ledOff) for ledOff
    timer.o(i.IRQ_Timer0) refers to countdown.o(.data) for countDownNum
    timer.o(i.timer0Init) refers to vic_int_ctrl.o(CPU_INT_CTRL) for IRQEnable
    timer.o(i.timer0Init) refers to timer.o(i.IRQ_Timer0) for IRQ_Timer0
    beep.o(i.beepTimes) refers to delay.o(i.delay) for delay
    motor.o(i.motorInit) refers to motor.o(i.motorSpeed) for motorSpeed
    key.o(i.keyScan) refers to delay.o(i.delay) for delay
    key.o(i.keyScan) refers to key.o(.data) for .data
    uart0.o(i.IRQ_Uart0) refers to strcmp.o(.text) for strcmp
    uart0.o(i.IRQ_Uart0) refers to uart0.o(.data) for .data
    uart0.o(i.IRQ_Uart0) refers to uart0.o(.constdata) for .constdata
    uart0.o(i.UART0_SendBuf) refers to uart0.o(i.UART0_SendByte) for UART0_SendByte
    uart0.o(i.UART0_SendBuf) refers to uart0.o(.data) for .data
    uart0.o(i.uart0Init) refers to uart0.o(i.IRQ_Uart0) for IRQ_Uart0
    startup.o(STACK) refers (Special) to heapauxi.o(.text) for __use_two_region_memory
    startup.o(HEAP) refers (Special) to heapauxi.o(.text) for __use_two_region_memory
    startup.o(RESET) refers (Special) to heapauxi.o(.text) for __use_two_region_memory
    startup.o(RESET) refers to startup.o(STACK) for Stack_Top
    startup.o(RESET) refers to __main.o(!!!main) for __main
    startup.o(.text) refers (Special) to heapauxi.o(.text) for __use_two_region_memory
    startup.o(.text) refers to startup.o(HEAP) for Heap_Mem
    startup.o(.text) refers to startup.o(STACK) for Stack_Mem
    __main.o(!!!main) refers to __rtentry.o(.ARM.Collect$$rtentry$$00000000) for __rt_entry
    __rtentry.o(.ARM.Collect$$rtentry$$00000000) refers (Special) to __rtentry2.o(.ARM.Collect$$rtentry$$0000000A) for __rt_entry_li
    __rtentry.o(.ARM.Collect$$rtentry$$00000000) refers (Special) to __rtentry2.o(.ARM.Collect$$rtentry$$0000000D) for __rt_entry_main
    __rtentry.o(.ARM.Collect$$rtentry$$00000000) refers (Special) to __rtentry2.o(.ARM.Collect$$rtentry$$0000000C) for __rt_entry_postli_1
    __rtentry.o(.ARM.Collect$$rtentry$$00000000) refers (Special) to __rtentry2.o(.ARM.Collect$$rtentry$$00000009) for __rt_entry_postsh_1
    __rtentry.o(.ARM.Collect$$rtentry$$00000000) refers (Special) to __rtentry2.o(.ARM.Collect$$rtentry$$00000002) for __rt_entry_presh_1
    __rtentry.o(.ARM.Collect$$rtentry$$00000000) refers (Special) to __rtentry4.o(.ARM.Collect$$rtentry$$00000004) for __rt_entry_sh
    __rtentry2.o(.ARM.Collect$$rtentry$$00000008) refers to boardinit2.o(.text) for _platform_post_stackheap_init
    __rtentry2.o(.ARM.Collect$$rtentry$$0000000A) refers to libinit.o(.ARM.Collect$$libinit$$00000000) for __rt_lib_init
    __rtentry2.o(.ARM.Collect$$rtentry$$0000000B) refers to boardinit3.o(.text) for _platform_post_lib_init
    __rtentry2.o(.ARM.Collect$$rtentry$$0000000D) refers to exit.o(.text) for exit
    __rtentry2.o(.ARM.Collect$$rtentry$$0000000D) refers to main.o(i.main) for main
    __rtentry2.o(.ARM.exidx) refers to __rtentry2.o(.ARM.Collect$$rtentry$$00000001) for .ARM.Collect$$rtentry$$00000001
    __rtentry2.o(.ARM.exidx) refers to __rtentry2.o(.ARM.Collect$$rtentry$$00000008) for .ARM.Collect$$rtentry$$00000008
    __rtentry2.o(.ARM.exidx) refers to __rtentry2.o(.ARM.Collect$$rtentry$$0000000A) for .ARM.Collect$$rtentry$$0000000A
    __rtentry2.o(.ARM.exidx) refers to __rtentry2.o(.ARM.Collect$$rtentry$$0000000B) for .ARM.Collect$$rtentry$$0000000B
    __rtentry2.o(.ARM.exidx) refers to __rtentry2.o(.ARM.Collect$$rtentry$$0000000D) for .ARM.Collect$$rtentry$$0000000D
    __rtentry4.o(.ARM.Collect$$rtentry$$00000004) refers to sys_stackheap_outer.o(.text) for __user_setup_stackheap
    __rtentry4.o(.ARM.exidx) refers to __rtentry4.o(.ARM.Collect$$rtentry$$00000004) for .ARM.Collect$$rtentry$$00000004
    sys_stackheap_outer.o(.text) refers to libspace.o(.text) for __user_perproc_libspace
    sys_stackheap_outer.o(.text) refers to startup.o(.text) for __user_initial_stackheap
    exit.o(.text) refers to rtexit.o(.ARM.Collect$$rtexit$$00000000) for __rt_exit
    libinit.o(.ARM.Collect$$libinit$$00000000) refers (Special) to libinit2.o(.ARM.Collect$$libinit$$0000002E) for __rt_lib_init_alloca_1
    libinit.o(.ARM.Collect$$libinit$$00000000) refers (Special) to libinit2.o(.ARM.Collect$$libinit$$0000002C) for __rt_lib_init_argv_1
    libinit.o(.ARM.Collect$$libinit$$00000000) refers (Special) to libinit2.o(.ARM.Collect$$libinit$$0000001B) for __rt_lib_init_atexit_1
    libinit.o(.ARM.Collect$$libinit$$00000000) refers (Special) to libinit2.o(.ARM.Collect$$libinit$$00000021) for __rt_lib_init_clock_1
    libinit.o(.ARM.Collect$$libinit$$00000000) refers (Special) to libinit2.o(.ARM.Collect$$libinit$$00000032) for __rt_lib_init_cpp_1
    libinit.o(.ARM.Collect$$libinit$$00000000) refers (Special) to libinit2.o(.ARM.Collect$$libinit$$00000030) for __rt_lib_init_exceptions_1
    libinit.o(.ARM.Collect$$libinit$$00000000) refers (Special) to libinit2.o(.ARM.Collect$$libinit$$00000002) for __rt_lib_init_fp_1
    libinit.o(.ARM.Collect$$libinit$$00000000) refers (Special) to libinit2.o(.ARM.Collect$$libinit$$0000001F) for __rt_lib_init_fp_trap_1
    libinit.o(.ARM.Collect$$libinit$$00000000) refers (Special) to libinit2.o(.ARM.Collect$$libinit$$00000023) for __rt_lib_init_getenv_1
    libinit.o(.ARM.Collect$$libinit$$00000000) refers (Special) to libinit2.o(.ARM.Collect$$libinit$$0000000A) for __rt_lib_init_heap_1
    libinit.o(.ARM.Collect$$libinit$$00000000) refers (Special) to libinit2.o(.ARM.Collect$$libinit$$00000011) for __rt_lib_init_lc_collate_1
    libinit.o(.ARM.Collect$$libinit$$00000000) refers (Special) to libinit2.o(.ARM.Collect$$libinit$$00000013) for __rt_lib_init_lc_ctype_1
    libinit.o(.ARM.Collect$$libinit$$00000000) refers (Special) to libinit2.o(.ARM.Collect$$libinit$$00000015) for __rt_lib_init_lc_monetary_1
    libinit.o(.ARM.Collect$$libinit$$00000000) refers (Special) to libinit2.o(.ARM.Collect$$libinit$$00000017) for __rt_lib_init_lc_numeric_1
    libinit.o(.ARM.Collect$$libinit$$00000000) refers (Special) to libinit2.o(.ARM.Collect$$libinit$$00000019) for __rt_lib_init_lc_time_1
    libinit.o(.ARM.Collect$$libinit$$00000000) refers (Special) to libinit2.o(.ARM.Collect$$libinit$$00000004) for __rt_lib_init_preinit_1
    libinit.o(.ARM.Collect$$libinit$$00000000) refers (Special) to libinit2.o(.ARM.Collect$$libinit$$0000000E) for __rt_lib_init_rand_1
    libinit.o(.ARM.Collect$$libinit$$00000000) refers (Special) to libinit2.o(.ARM.Collect$$libinit$$00000033) for __rt_lib_init_return
    libinit.o(.ARM.Collect$$libinit$$00000000) refers (Special) to libinit2.o(.ARM.Collect$$libinit$$0000001D) for __rt_lib_init_signal_1
    libinit.o(.ARM.Collect$$libinit$$00000000) refers (Special) to libinit2.o(.ARM.Collect$$libinit$$00000025) for __rt_lib_init_stdio_1
    libinit.o(.ARM.Collect$$libinit$$00000000) refers (Special) to libinit2.o(.ARM.Collect$$libinit$$0000000C) for __rt_lib_init_user_alloc_1
    libspace.o(.text) refers to libspace.o(.bss) for __libspace_start
    rtexit.o(.ARM.Collect$$rtexit$$00000000) refers (Special) to rtexit2.o(.ARM.Collect$$rtexit$$00000004) for __rt_exit_exit
    rtexit.o(.ARM.Collect$$rtexit$$00000000) refers (Special) to rtexit2.o(.ARM.Collect$$rtexit$$00000003) for __rt_exit_ls
    rtexit.o(.ARM.Collect$$rtexit$$00000000) refers (Special) to rtexit2.o(.ARM.Collect$$rtexit$$00000002) for __rt_exit_prels_1
    rtexit.o(.ARM.exidx) refers (Special) to rtexit2.o(.ARM.Collect$$rtexit$$00000004) for __rt_exit_exit
    rtexit.o(.ARM.exidx) refers (Special) to rtexit2.o(.ARM.Collect$$rtexit$$00000003) for __rt_exit_ls
    rtexit.o(.ARM.exidx) refers (Special) to rtexit2.o(.ARM.Collect$$rtexit$$00000002) for __rt_exit_prels_1
    rtexit.o(.ARM.exidx) refers to rtexit.o(.ARM.Collect$$rtexit$$00000000) for .ARM.Collect$$rtexit$$00000000
    libinit2.o(.ARM.Collect$$libinit$$00000001) refers to fpinit.o(x$fpl$fpinit) for _fp_init
    libinit2.o(.ARM.Collect$$libinit$$00000010) refers to libinit2.o(.ARM.Collect$$libinit$$0000000F) for .ARM.Collect$$libinit$$0000000F
    libinit2.o(.ARM.Collect$$libinit$$00000012) refers to libinit2.o(.ARM.Collect$$libinit$$0000000F) for .ARM.Collect$$libinit$$0000000F
    libinit2.o(.ARM.Collect$$libinit$$00000014) refers to libinit2.o(.ARM.Collect$$libinit$$0000000F) for .ARM.Collect$$libinit$$0000000F
    libinit2.o(.ARM.Collect$$libinit$$00000016) refers to libinit2.o(.ARM.Collect$$libinit$$0000000F) for .ARM.Collect$$libinit$$0000000F
    libinit2.o(.ARM.Collect$$libinit$$00000018) refers to libinit2.o(.ARM.Collect$$libinit$$0000000F) for .ARM.Collect$$libinit$$0000000F
    libinit2.o(.ARM.Collect$$libinit$$00000026) refers to argv_veneer.o(.emb_text) for __ARM_argv_veneer
    libinit2.o(.ARM.Collect$$libinit$$00000027) refers to argv_veneer.o(.emb_text) for __ARM_argv_veneer
    rtexit2.o(.ARM.Collect$$rtexit$$00000003) refers to libshutdown.o(.ARM.Collect$$libshutdown$$00000000) for __rt_lib_shutdown
    rtexit2.o(.ARM.Collect$$rtexit$$00000004) refers to sys_exit.o(.text) for _sys_exit
    rtexit2.o(.ARM.exidx) refers to rtexit2.o(.ARM.Collect$$rtexit$$00000001) for .ARM.Collect$$rtexit$$00000001
    rtexit2.o(.ARM.exidx) refers to rtexit2.o(.ARM.Collect$$rtexit$$00000003) for .ARM.Collect$$rtexit$$00000003
    rtexit2.o(.ARM.exidx) refers to rtexit2.o(.ARM.Collect$$rtexit$$00000004) for .ARM.Collect$$rtexit$$00000004
    argv_veneer.o(.emb_text) refers to no_argv.o(.text) for __ARM_get_argv
    sys_exit.o(.text) refers (Special) to use_no_semi.o(.text) for __I$use$semihosting
    sys_exit.o(.text) refers (Special) to indicate_semi.o(.text) for __semihosting_library_function
    _get_argv_nomalloc.o(.text) refers (Special) to hrguard.o(.text) for __heap_region$guard
    _get_argv_nomalloc.o(.text) refers to defsig_rtmem_outer.o(.text) for __rt_SIGRTMEM
    _get_argv_nomalloc.o(.text) refers to sys_command.o(.text) for _sys_command_string
    libshutdown.o(.ARM.Collect$$libshutdown$$00000000) refers (Special) to libshutdown2.o(.ARM.Collect$$libshutdown$$00000004) for __rt_lib_shutdown_cpp_1
    libshutdown.o(.ARM.Collect$$libshutdown$$00000000) refers (Special) to libshutdown2.o(.ARM.Collect$$libshutdown$$00000002) for __rt_lib_shutdown_fini_1
    libshutdown.o(.ARM.Collect$$libshutdown$$00000000) refers (Special) to libshutdown2.o(.ARM.Collect$$libshutdown$$00000009) for __rt_lib_shutdown_fp_trap_1
    libshutdown.o(.ARM.Collect$$libshutdown$$00000000) refers (Special) to libshutdown2.o(.ARM.Collect$$libshutdown$$00000011) for __rt_lib_shutdown_heap_1
    libshutdown.o(.ARM.Collect$$libshutdown$$00000000) refers (Special) to libshutdown2.o(.ARM.Collect$$libshutdown$$00000012) for __rt_lib_shutdown_return
    libshutdown.o(.ARM.Collect$$libshutdown$$00000000) refers (Special) to libshutdown2.o(.ARM.Collect$$libshutdown$$0000000C) for __rt_lib_shutdown_signal_1
    libshutdown.o(.ARM.Collect$$libshutdown$$00000000) refers (Special) to libshutdown2.o(.ARM.Collect$$libshutdown$$00000006) for __rt_lib_shutdown_stdio_1
    libshutdown.o(.ARM.Collect$$libshutdown$$00000000) refers (Special) to libshutdown2.o(.ARM.Collect$$libshutdown$$0000000E) for __rt_lib_shutdown_user_alloc_1
    sys_command.o(.text) refers (Special) to use_no_semi.o(.text) for __I$use$semihosting
    sys_command.o(.text) refers (Special) to indicate_semi.o(.text) for __semihosting_library_function
    defsig_rtmem_outer.o(.text) refers to defsig_rtmem_inner.o(.text) for __rt_SIGRTMEM_inner
    defsig_rtmem_outer.o(.text) refers to defsig_exit.o(.text) for __sig_exit
    defsig_rtmem_formal.o(.text) refers to rt_raise.o(.text) for __rt_raise
    rt_raise.o(.text) refers to __raise.o(.text) for __raise
    rt_raise.o(.text) refers to sys_exit.o(.text) for _sys_exit
    defsig_exit.o(.text) refers to sys_exit.o(.text) for _sys_exit
    defsig_rtmem_inner.o(.text) refers to defsig_general.o(.text) for __default_signal_display
    __raise.o(.text) refers to __raise.o(i.__ARM_common_call_via_r2) for __ARM_common_call_via_r2
    __raise.o(.text) refers to defsig.o(CL$$defsig) for __default_signal_handler
    defsig_general.o(.text) refers to sys_wrch.o(.text) for _ttywrch
    sys_wrch.o(.text) refers (Special) to use_no_semi.o(.text) for __I$use$semihosting
    sys_wrch.o(.text) refers (Special) to indicate_semi.o(.text) for __semihosting_library_function
    defsig.o(CL$$defsig) refers to defsig_rtmem_inner.o(.text) for __rt_SIGRTMEM_inner
    defsig_abrt_inner.o(.text) refers to defsig_general.o(.text) for __default_signal_display
    defsig_fpe_inner.o(.text) refers to defsig_general.o(.text) for __default_signal_display
    defsig_rtred_inner.o(.text) refers to defsig_general.o(.text) for __default_signal_display
    defsig_stak_inner.o(.text) refers to defsig_general.o(.text) for __default_signal_display
    defsig_pvfn_inner.o(.text) refers to defsig_general.o(.text) for __default_signal_display
    defsig_cppl_inner.o(.text) refers to defsig_general.o(.text) for __default_signal_display
    defsig_segv_inner.o(.text) refers to defsig_general.o(.text) for __default_signal_display
    defsig_other.o(.text) refers to defsig_general.o(.text) for __default_signal_display


==============================================================================

Removing Unused input sections from the image.

    Removing led.o(i.ledOn), (20 bytes).

1 unused section(s) (total 20 bytes) removed from the image.

==============================================================================

Adding Veneers to the image

    Adding AT veneer (8 bytes, Inline) for call to '__rt_lib_init' from __rtentry2.o(.ARM.Collect$$rtentry$$0000000A).
    Adding AT veneer (8 bytes, Inline) for call to '__rt_lib_shutdown' from rtexit2.o(.ARM.Collect$$rtexit$$00000003).
    Adding TA veneer (4 bytes, Inline) for call to '__rt_exit' from exit.o(.text).
    Adding AT veneer (8 bytes, Inline) for call to '_sys_exit' from rtexit2.o(.ARM.Collect$$rtexit$$00000004).

4 Veneer(s) (total 28 bytes) added to the image.

==============================================================================

Image Symbol Table

    Local Symbols

    Symbol Name                              Value     Ov Type        Size  Object(Section)

    RESET                                    0x00000000   Section      272  startup.o(RESET)
    ../clib/angel/boardlib.s                 0x00000000   Number         0  boardinit3.o ABSOLUTE
    ../clib/angel/boardlib.s                 0x00000000   Number         0  boardinit2.o ABSOLUTE
    ../clib/angel/boardlib.s                 0x00000000   Number         0  boardinit1.o ABSOLUTE
    ../clib/angel/boardlib.s                 0x00000000   Number         0  boardshut.o ABSOLUTE
    ../clib/angel/handlers.s                 0x00000000   Number         0  __scatter_copy.o ABSOLUTE
    ../clib/angel/handlers.s                 0x00000000   Number         0  __scatter_zi.o ABSOLUTE
    ../clib/angel/kernel.s                   0x00000000   Number         0  __rtentry2.o ABSOLUTE
    ../clib/angel/kernel.s                   0x00000000   Number         0  rtexit.o ABSOLUTE
    ../clib/angel/kernel.s                   0x00000000   Number         0  rtexit2.o ABSOLUTE
    ../clib/angel/kernel.s                   0x00000000   Number         0  __rtentry.o ABSOLUTE
    ../clib/angel/kernel.s                   0x00000000   Number         0  __rtentry4.o ABSOLUTE
    ../clib/angel/rt.s                       0x00000000   Number         0  rt_raise.o ABSOLUTE
    ../clib/angel/scatter.s                  0x00000000   Number         0  __scatter.o ABSOLUTE
    ../clib/angel/startup.s                  0x00000000   Number         0  __main.o ABSOLUTE
    ../clib/angel/sys.s                      0x00000000   Number         0  sys_stackheap_outer.o ABSOLUTE
    ../clib/angel/sys.s                      0x00000000   Number         0  libspace.o ABSOLUTE
    ../clib/angel/sys.s                      0x00000000   Number         0  use_no_semi.o ABSOLUTE
    ../clib/angel/sys.s                      0x00000000   Number         0  indicate_semi.o ABSOLUTE
    ../clib/angel/sysapp.c                   0x00000000   Number         0  sys_exit.o ABSOLUTE
    ../clib/angel/sysapp.c                   0x00000000   Number         0  sys_wrch.o ABSOLUTE
    ../clib/angel/sysapp.c                   0x00000000   Number         0  sys_command.o ABSOLUTE
    ../clib/armsys.c                         0x00000000   Number         0  _get_argv_nomalloc.o ABSOLUTE
    ../clib/armsys.c                         0x00000000   Number         0  argv_veneer.o ABSOLUTE
    ../clib/armsys.c                         0x00000000   Number         0  no_argv.o ABSOLUTE
    ../clib/armsys.c                         0x00000000   Number         0  argv_veneer.o ABSOLUTE
    ../clib/heapalloc.c                      0x00000000   Number         0  hrguard.o ABSOLUTE
    ../clib/heapaux.c                        0x00000000   Number         0  heapauxi.o ABSOLUTE
    ../clib/libinit.s                        0x00000000   Number         0  libinit2.o ABSOLUTE
    ../clib/libinit.s                        0x00000000   Number         0  libinit.o ABSOLUTE
    ../clib/libinit.s                        0x00000000   Number         0  libshutdown2.o ABSOLUTE
    ../clib/libinit.s                        0x00000000   Number         0  libshutdown.o ABSOLUTE
    ../clib/memcpset.s                       0x00000000   Number         0  strcmp.o ABSOLUTE
    ../clib/signal.c                         0x00000000   Number         0  defsig_general.o ABSOLUTE
    ../clib/signal.c                         0x00000000   Number         0  defsig_rtred_inner.o ABSOLUTE
    ../clib/signal.c                         0x00000000   Number         0  defsig_pvfn_inner.o ABSOLUTE
    ../clib/signal.c                         0x00000000   Number         0  defsig_abrt_inner.o ABSOLUTE
    ../clib/signal.c                         0x00000000   Number         0  __raise.o ABSOLUTE
    ../clib/signal.c                         0x00000000   Number         0  defsig_other.o ABSOLUTE
    ../clib/signal.c                         0x00000000   Number         0  defsig_segv_inner.o ABSOLUTE
    ../clib/signal.c                         0x00000000   Number         0  defsig_cppl_inner.o ABSOLUTE
    ../clib/signal.c                         0x00000000   Number         0  defsig_stak_inner.o ABSOLUTE
    ../clib/signal.c                         0x00000000   Number         0  defsig_fpe_inner.o ABSOLUTE
    ../clib/signal.c                         0x00000000   Number         0  defsig_rtmem_outer.o ABSOLUTE
    ../clib/signal.c                         0x00000000   Number         0  defsig_rtmem_inner.o ABSOLUTE
    ../clib/signal.c                         0x00000000   Number         0  defsig_exit.o ABSOLUTE
    ../clib/signal.c                         0x00000000   Number         0  defsig_rtmem_formal.o ABSOLUTE
    ../clib/signal.s                         0x00000000   Number         0  defsig.o ABSOLUTE
    ../clib/stdlib.c                         0x00000000   Number         0  exit.o ABSOLUTE
    ../fplib/fpinit.s                        0x00000000   Number         0  fpinit.o ABSOLUTE
    Source\Startup.s                         0x00000000   Number         0  startup.o ABSOLUTE
    Source\VIC_INT_CTRL.s                    0x00000000   Number         0  vic_int_ctrl.o ABSOLUTE
    Source\beep.c                            0x00000000   Number         0  beep.o ABSOLUTE
    Source\countdown.c                       0x00000000   Number         0  countdown.o ABSOLUTE
    Source\delay.c                           0x00000000   Number         0  delay.o ABSOLUTE
    Source\digitaltube.c                     0x00000000   Number         0  digitaltube.o ABSOLUTE
    Source\function.c                        0x00000000   Number         0  function.o ABSOLUTE
    Source\key.c                             0x00000000   Number         0  key.o ABSOLUTE
    Source\led.c                             0x00000000   Number         0  led.o ABSOLUTE
    Source\main.c                            0x00000000   Number         0  main.o ABSOLUTE
    Source\motor.c                           0x00000000   Number         0  motor.o ABSOLUTE
    Source\timer.c                           0x00000000   Number         0  timer.o ABSOLUTE
    Source\uart0.c                           0x00000000   Number         0  uart0.o ABSOLUTE
    dc.s                                     0x00000000   Number         0  dc.o ABSOLUTE
    Undef_Handler                            0x00000040   ARM Code       4  startup.o(RESET)
    SWI_Handler                              0x00000044   ARM Code       4  startup.o(RESET)
    PAbt_Handler                             0x00000048   ARM Code       4  startup.o(RESET)
    DAbt_Handler                             0x0000004c   ARM Code       4  startup.o(RESET)
    IRQ_Handler                              0x00000050   ARM Code       4  startup.o(RESET)
    FIQ_Handler                              0x00000054   ARM Code       4  startup.o(RESET)
    !!!main                                  0x00000110   Section        8  __main.o(!!!main)
    !!!scatter                               0x00000118   Section       60  __scatter.o(!!!scatter)
    !!handler_copy                           0x00000154   Section       40  __scatter_copy.o(!!handler_copy)
    !!handler_zi                             0x0000017c   Section       44  __scatter_zi.o(!!handler_zi)
    .ARM.Collect$$libinit$$00000000          0x000001b0   Section        2  libinit.o(.ARM.Collect$$libinit$$00000000)
    .ARM.Collect$$libinit$$00000002          0x000001b2   Section        0  libinit2.o(.ARM.Collect$$libinit$$00000002)
    .ARM.Collect$$libinit$$00000004          0x000001b2   Section        0  libinit2.o(.ARM.Collect$$libinit$$00000004)
    .ARM.Collect$$libinit$$0000000A          0x000001b2   Section        0  libinit2.o(.ARM.Collect$$libinit$$0000000A)
    .ARM.Collect$$libinit$$0000000C          0x000001b2   Section        0  libinit2.o(.ARM.Collect$$libinit$$0000000C)
    .ARM.Collect$$libinit$$0000000E          0x000001b2   Section        0  libinit2.o(.ARM.Collect$$libinit$$0000000E)
    .ARM.Collect$$libinit$$00000011          0x000001b2   Section        0  libinit2.o(.ARM.Collect$$libinit$$00000011)
    .ARM.Collect$$libinit$$00000013          0x000001b2   Section        0  libinit2.o(.ARM.Collect$$libinit$$00000013)
    .ARM.Collect$$libinit$$00000015          0x000001b2   Section        0  libinit2.o(.ARM.Collect$$libinit$$00000015)
    .ARM.Collect$$libinit$$00000017          0x000001b2   Section        0  libinit2.o(.ARM.Collect$$libinit$$00000017)
    .ARM.Collect$$libinit$$00000019          0x000001b2   Section        0  libinit2.o(.ARM.Collect$$libinit$$00000019)
    .ARM.Collect$$libinit$$0000001B          0x000001b2   Section        0  libinit2.o(.ARM.Collect$$libinit$$0000001B)
    .ARM.Collect$$libinit$$0000001D          0x000001b2   Section        0  libinit2.o(.ARM.Collect$$libinit$$0000001D)
    .ARM.Collect$$libinit$$0000001F          0x000001b2   Section        0  libinit2.o(.ARM.Collect$$libinit$$0000001F)
    .ARM.Collect$$libinit$$00000021          0x000001b2   Section        0  libinit2.o(.ARM.Collect$$libinit$$00000021)
    .ARM.Collect$$libinit$$00000023          0x000001b2   Section        0  libinit2.o(.ARM.Collect$$libinit$$00000023)
    .ARM.Collect$$libinit$$00000025          0x000001b2   Section        0  libinit2.o(.ARM.Collect$$libinit$$00000025)
    .ARM.Collect$$libinit$$0000002C          0x000001b2   Section        0  libinit2.o(.ARM.Collect$$libinit$$0000002C)
    .ARM.Collect$$libinit$$0000002E          0x000001b2   Section        0  libinit2.o(.ARM.Collect$$libinit$$0000002E)
    .ARM.Collect$$libinit$$00000030          0x000001b2   Section        0  libinit2.o(.ARM.Collect$$libinit$$00000030)
    .ARM.Collect$$libinit$$00000032          0x000001b2   Section        0  libinit2.o(.ARM.Collect$$libinit$$00000032)
    .ARM.Collect$$libinit$$00000033          0x000001b2   Section       12  libinit2.o(.ARM.Collect$$libinit$$00000033)
    .ARM.Collect$$libshutdown$$00000000      0x000001c8   Section        4  libshutdown.o(.ARM.Collect$$libshutdown$$00000000)
    .ARM.Collect$$libshutdown$$00000002      0x000001cc   Section        0  libshutdown2.o(.ARM.Collect$$libshutdown$$00000002)
    .ARM.Collect$$libshutdown$$00000004      0x000001cc   Section        0  libshutdown2.o(.ARM.Collect$$libshutdown$$00000004)
    .ARM.Collect$$libshutdown$$00000006      0x000001cc   Section        0  libshutdown2.o(.ARM.Collect$$libshutdown$$00000006)
    .ARM.Collect$$libshutdown$$00000009      0x000001cc   Section        0  libshutdown2.o(.ARM.Collect$$libshutdown$$00000009)
    .ARM.Collect$$libshutdown$$0000000C      0x000001cc   Section        0  libshutdown2.o(.ARM.Collect$$libshutdown$$0000000C)
    .ARM.Collect$$libshutdown$$0000000E      0x000001cc   Section        0  libshutdown2.o(.ARM.Collect$$libshutdown$$0000000E)
    .ARM.Collect$$libshutdown$$00000011      0x000001cc   Section        0  libshutdown2.o(.ARM.Collect$$libshutdown$$00000011)
    .ARM.Collect$$libshutdown$$00000012      0x000001cc   Section        6  libshutdown2.o(.ARM.Collect$$libshutdown$$00000012)
    .ARM.Collect$$rtentry$$00000000          0x000001d4   Section        0  __rtentry.o(.ARM.Collect$$rtentry$$00000000)
    .ARM.Collect$$rtentry$$00000002          0x000001d4   Section        0  __rtentry2.o(.ARM.Collect$$rtentry$$00000002)
    .ARM.Collect$$rtentry$$00000004          0x000001d4   Section        8  __rtentry4.o(.ARM.Collect$$rtentry$$00000004)
    .ARM.Collect$$rtentry$$00000009          0x000001dc   Section        0  __rtentry2.o(.ARM.Collect$$rtentry$$00000009)
    .ARM.Collect$$rtentry$$0000000A          0x000001dc   Section        4  __rtentry2.o(.ARM.Collect$$rtentry$$0000000A)
    .ARM.Collect$$rtentry$$0000000C          0x000001e0   Section        0  __rtentry2.o(.ARM.Collect$$rtentry$$0000000C)
    .ARM.Collect$$rtentry$$0000000D          0x000001e0   Section       40  __rtentry2.o(.ARM.Collect$$rtentry$$0000000D)
    .ARM.Collect$$rtexit$$00000000           0x0000020c   Section        4  rtexit.o(.ARM.Collect$$rtexit$$00000000)
    .ARM.Collect$$rtexit$$00000002           0x00000210   Section        0  rtexit2.o(.ARM.Collect$$rtexit$$00000002)
    .ARM.Collect$$rtexit$$00000003           0x00000210   Section        4  rtexit2.o(.ARM.Collect$$rtexit$$00000003)
    .ARM.Collect$$rtexit$$00000004           0x00000214   Section        8  rtexit2.o(.ARM.Collect$$rtexit$$00000004)
    .text                                    0x0000021c   Section       32  startup.o(.text)
    .text                                    0x0000023c   Section      244  strcmp.o(.text)
    .text                                    0x00000330   Section        0  heapauxi.o(.text)
    .text                                    0x00000338   Section       96  sys_stackheap_outer.o(.text)
    .text                                    0x00000398   Section        0  exit.o(.text)
    .text                                    0x000003ac   Section       12  libspace.o(.text)
    .text                                    0x000003c0   Section        0  sys_exit.o(.text)
    .text                                    0x000003cc   Section        4  use_no_semi.o(.text)
    .text                                    0x000003d0   Section        0  indicate_semi.o(.text)
    CPU_INT_CTRL                             0x000003d0   Section       64  vic_int_ctrl.o(CPU_INT_CTRL)
    i.IRQ_Timer0                             0x00000410   Section        0  timer.o(i.IRQ_Timer0)
    i.IRQ_Uart0                              0x00000448   Section        0  uart0.o(i.IRQ_Uart0)
    i.UART0_SendBuf                          0x0000053c   Section        0  uart0.o(i.UART0_SendBuf)
    i.UART0_SendByte                         0x00000584   Section        0  uart0.o(i.UART0_SendByte)
    i.beepInit                               0x00000594   Section        0  beep.o(i.beepInit)
    i.beepTimes                              0x000005bc   Section        0  beep.o(i.beepTimes)
    i.delay                                  0x00000600   Section        0  delay.o(i.delay)
    i.digitalTubeInit                        0x00000630   Section        0  digitaltube.o(i.digitalTubeInit)
    i.digitalTubeShow                        0x00000668   Section        0  digitaltube.o(i.digitalTubeShow)
    i.functionModel1                         0x00000744   Section        0  function.o(i.functionModel1)
    i.functionModel2                         0x000007d4   Section        0  function.o(i.functionModel2)
    i.functionModel3                         0x00000864   Section        0  function.o(i.functionModel3)
    i.keyInit                                0x000008dc   Section        0  key.o(i.keyInit)
    i.keyScan                                0x00000914   Section        0  key.o(i.keyScan)
    i.led0Off                                0x000009f0   Section        0  led.o(i.led0Off)
    i.led0On                                 0x00000a04   Section        0  led.o(i.led0On)
    i.led1Off                                0x00000a18   Section        0  led.o(i.led1Off)
    i.led1On                                 0x00000a2c   Section        0  led.o(i.led1On)
    i.led2Off                                0x00000a40   Section        0  led.o(i.led2Off)
    i.led2On                                 0x00000a54   Section        0  led.o(i.led2On)
    i.led3Off                                0x00000a68   Section        0  led.o(i.led3Off)
    i.led3On                                 0x00000a7c   Section        0  led.o(i.led3On)
    i.ledInit                                0x00000a90   Section        0  led.o(i.ledInit)
    i.ledOff                                 0x00000ab8   Section        0  led.o(i.ledOff)
    i.main                                   0x00000acc   Section        0  main.o(i.main)
    i.menu                                   0x00000bb0   Section        0  function.o(i.menu)
    i.motorInit                              0x00000bcc   Section        0  motor.o(i.motorInit)
    i.motorSpeed                             0x00000c50   Section        0  motor.o(i.motorSpeed)
    i.timer0Init                             0x00000c90   Section        0  timer.o(i.timer0Init)
    i.uart0Init                              0x00000cf8   Section        0  uart0.o(i.uart0Init)
    .constdata                               0x00000d80   Section       24  uart0.o(.constdata)
    .data                                    0x40000000   Section        1  countdown.o(.data)
    .data                                    0x40000001   Section        1  function.o(.data)
    .data                                    0x40000002   Section        1  key.o(.data)
    keyFlag                                  0x40000002   Data           1  key.o(.data)
    .data                                    0x40000003   Section       18  uart0.o(.data)
    .bss                                     0x40000018   Section       96  libspace.o(.bss)
    HEAP                                     0x40000078   Section        0  startup.o(HEAP)
    STACK                                    0x40000078   Section     1160  startup.o(STACK)
    Heap_Mem                                 0x40000078   Data           0  startup.o(HEAP)
    Stack_Mem                                0x40000078   Data        1024  startup.o(STACK)
    Stack_Top                                0x40000500   Data           0  startup.o(STACK)

    Global Symbols

    Symbol Name                              Value     Ov Type        Size  Object(Section)

    BuildAttributes$$THM_ISAv1$ARM_ISAv4$S$PE$A:L22$X:L11$S22$IEEE1$IW$USESV6$~STKCKD$USESV7$~SHL$OSPACE$ROPI$EBA8$UX$STANDARDLIB$REQ8$PRES8$EABIv2 0x00000000   Number         0  anon$$obj.o ABSOLUTE
    __ARM_use_no_argv                        0x00000000   Number         0  main.o ABSOLUTE
    __ARM_exceptions_init                     - Undefined Weak Reference
    __alloca_initialize                       - Undefined Weak Reference
    __arm_fini_                               - Undefined Weak Reference
    __arm_preinit_                            - Undefined Weak Reference
    __cpp_initialize__aeabi_                  - Undefined Weak Reference
    __cxa_finalize                            - Undefined Weak Reference
    __rt_locale                               - Undefined Weak Reference
    __sigvec_lookup                           - Undefined Weak Reference
    _atexit_init                              - Undefined Weak Reference
    _call_atexit_fns                          - Undefined Weak Reference
    _clock_init                               - Undefined Weak Reference
    _fp_trap_init                             - Undefined Weak Reference
    _fp_trap_shutdown                         - Undefined Weak Reference
    _get_lc_collate                           - Undefined Weak Reference
    _get_lc_ctype                             - Undefined Weak Reference
    _get_lc_monetary                          - Undefined Weak Reference
    _get_lc_numeric                           - Undefined Weak Reference
    _get_lc_time                              - Undefined Weak Reference
    _getenv_init                              - Undefined Weak Reference
    _handle_redirection                       - Undefined Weak Reference
    _init_alloc                               - Undefined Weak Reference
    _init_user_alloc                          - Undefined Weak Reference
    _initio                                   - Undefined Weak Reference
    _rand_init                                - Undefined Weak Reference
    _signal_finish                            - Undefined Weak Reference
    _signal_init                              - Undefined Weak Reference
    _terminate_alloc                          - Undefined Weak Reference
    _terminate_user_alloc                     - Undefined Weak Reference
    _terminateio                              - Undefined Weak Reference
    Reset_Handler                            0x00000058   ARM Code       0  startup.o(RESET)
    __main                                   0x00000110   ARM Code       8  __main.o(!!!main)
    __scatterload                            0x00000118   ARM Code       0  __scatter.o(!!!scatter)
    __scatterload_rt2                        0x00000118   ARM Code      52  __scatter.o(!!!scatter)
    __scatterload_null                       0x0000012c   ARM Code       0  __scatter.o(!!!scatter)
    __scatterload_copy                       0x00000154   ARM Code      40  __scatter_copy.o(!!handler_copy)
    __scatterload_zeroinit                   0x0000017c   ARM Code      44  __scatter_zi.o(!!handler_zi)
    Inline ARM to Thumb Veneer to __rt_lib_init 0x000001a8   ARM Code       8  libinit.o(.ARM.Collect$$libinit$$00000000)
    __rt_lib_init                            0x000001b1   Thumb Code     0  libinit.o(.ARM.Collect$$libinit$$00000000)
    __rt_lib_init_alloca_1                   0x000001b3   Thumb Code     0  libinit2.o(.ARM.Collect$$libinit$$0000002E)
    __rt_lib_init_argv_1                     0x000001b3   Thumb Code     0  libinit2.o(.ARM.Collect$$libinit$$0000002C)
    __rt_lib_init_atexit_1                   0x000001b3   Thumb Code     0  libinit2.o(.ARM.Collect$$libinit$$0000001B)
    __rt_lib_init_clock_1                    0x000001b3   Thumb Code     0  libinit2.o(.ARM.Collect$$libinit$$00000021)
    __rt_lib_init_cpp_1                      0x000001b3   Thumb Code     0  libinit2.o(.ARM.Collect$$libinit$$00000032)
    __rt_lib_init_exceptions_1               0x000001b3   Thumb Code     0  libinit2.o(.ARM.Collect$$libinit$$00000030)
    __rt_lib_init_fp_1                       0x000001b3   Thumb Code     0  libinit2.o(.ARM.Collect$$libinit$$00000002)
    __rt_lib_init_fp_trap_1                  0x000001b3   Thumb Code     0  libinit2.o(.ARM.Collect$$libinit$$0000001F)
    __rt_lib_init_getenv_1                   0x000001b3   Thumb Code     0  libinit2.o(.ARM.Collect$$libinit$$00000023)
    __rt_lib_init_heap_1                     0x000001b3   Thumb Code     0  libinit2.o(.ARM.Collect$$libinit$$0000000A)
    __rt_lib_init_lc_collate_1               0x000001b3   Thumb Code     0  libinit2.o(.ARM.Collect$$libinit$$00000011)
    __rt_lib_init_lc_ctype_1                 0x000001b3   Thumb Code     0  libinit2.o(.ARM.Collect$$libinit$$00000013)
    __rt_lib_init_lc_monetary_1              0x000001b3   Thumb Code     0  libinit2.o(.ARM.Collect$$libinit$$00000015)
    __rt_lib_init_lc_numeric_1               0x000001b3   Thumb Code     0  libinit2.o(.ARM.Collect$$libinit$$00000017)
    __rt_lib_init_lc_time_1                  0x000001b3   Thumb Code     0  libinit2.o(.ARM.Collect$$libinit$$00000019)
    __rt_lib_init_preinit_1                  0x000001b3   Thumb Code     0  libinit2.o(.ARM.Collect$$libinit$$00000004)
    __rt_lib_init_rand_1                     0x000001b3   Thumb Code     0  libinit2.o(.ARM.Collect$$libinit$$0000000E)
    __rt_lib_init_return                     0x000001b3   Thumb Code     0  libinit2.o(.ARM.Collect$$libinit$$00000033)
    __rt_lib_init_signal_1                   0x000001b3   Thumb Code     0  libinit2.o(.ARM.Collect$$libinit$$0000001D)
    __rt_lib_init_stdio_1                    0x000001b3   Thumb Code     0  libinit2.o(.ARM.Collect$$libinit$$00000025)
    __rt_lib_init_user_alloc_1               0x000001b3   Thumb Code     0  libinit2.o(.ARM.Collect$$libinit$$0000000C)
    Inline ARM to Thumb Veneer to __rt_lib_shutdown 0x000001c0   ARM Code       8  libshutdown.o(.ARM.Collect$$libshutdown$$00000000)
    __rt_lib_shutdown                        0x000001c9   Thumb Code     0  libshutdown.o(.ARM.Collect$$libshutdown$$00000000)
    __rt_lib_shutdown_cpp_1                  0x000001cd   Thumb Code     0  libshutdown2.o(.ARM.Collect$$libshutdown$$00000004)
    __rt_lib_shutdown_fini_1                 0x000001cd   Thumb Code     0  libshutdown2.o(.ARM.Collect$$libshutdown$$00000002)
    __rt_lib_shutdown_fp_trap_1              0x000001cd   Thumb Code     0  libshutdown2.o(.ARM.Collect$$libshutdown$$00000009)
    __rt_lib_shutdown_heap_1                 0x000001cd   Thumb Code     0  libshutdown2.o(.ARM.Collect$$libshutdown$$00000011)
    __rt_lib_shutdown_return                 0x000001cd   Thumb Code     0  libshutdown2.o(.ARM.Collect$$libshutdown$$00000012)
    __rt_lib_shutdown_signal_1               0x000001cd   Thumb Code     0  libshutdown2.o(.ARM.Collect$$libshutdown$$0000000C)
    __rt_lib_shutdown_stdio_1                0x000001cd   Thumb Code     0  libshutdown2.o(.ARM.Collect$$libshutdown$$00000006)
    __rt_lib_shutdown_user_alloc_1           0x000001cd   Thumb Code     0  libshutdown2.o(.ARM.Collect$$libshutdown$$0000000E)
    __rt_entry                               0x000001d4   ARM Code       0  __rtentry.o(.ARM.Collect$$rtentry$$00000000)
    __rt_entry_presh_1                       0x000001d4   ARM Code       0  __rtentry2.o(.ARM.Collect$$rtentry$$00000002)
    __rt_entry_sh                            0x000001d4   ARM Code       0  __rtentry4.o(.ARM.Collect$$rtentry$$00000004)
    __rt_entry_li                            0x000001dc   ARM Code       0  __rtentry2.o(.ARM.Collect$$rtentry$$0000000A)
    __rt_entry_postsh_1                      0x000001dc   ARM Code       0  __rtentry2.o(.ARM.Collect$$rtentry$$00000009)
    __rt_entry_main                          0x000001e0   ARM Code       0  __rtentry2.o(.ARM.Collect$$rtentry$$0000000D)
    __rt_entry_postli_1                      0x000001e0   ARM Code       0  __rtentry2.o(.ARM.Collect$$rtentry$$0000000C)
    Inline Thumb to ARM Veneer to __rt_exit  0x00000209   Thumb Code     4  rtexit.o(.ARM.Collect$$rtexit$$00000000)
    __rt_exit                                0x0000020c   ARM Code       0  rtexit.o(.ARM.Collect$$rtexit$$00000000)
    __rt_exit_ls                             0x00000210   ARM Code       0  rtexit2.o(.ARM.Collect$$rtexit$$00000003)
    __rt_exit_prels_1                        0x00000210   ARM Code       0  rtexit2.o(.ARM.Collect$$rtexit$$00000002)
    __rt_exit_exit                           0x00000214   ARM Code       0  rtexit2.o(.ARM.Collect$$rtexit$$00000004)
    __user_initial_stackheap                 0x0000021c   ARM Code       0  startup.o(.text)
    strcmp                                   0x0000023c   ARM Code     240  strcmp.o(.text)
    __use_two_region_memory                  0x00000331   Thumb Code     2  heapauxi.o(.text)
    __rt_heap_escrow$2region                 0x00000333   Thumb Code     2  heapauxi.o(.text)
    __rt_heap_expand$2region                 0x00000335   Thumb Code     2  heapauxi.o(.text)
    __user_setup_stackheap                   0x00000338   ARM Code      96  sys_stackheap_outer.o(.text)
    exit                                     0x00000399   Thumb Code    20  exit.o(.text)
    __user_libspace                          0x000003ac   ARM Code      12  libspace.o(.text)
    __user_perproc_libspace                  0x000003ac   ARM Code       0  libspace.o(.text)
    __user_perthread_libspace                0x000003ac   ARM Code       0  libspace.o(.text)
    Inline ARM to Thumb Veneer to _sys_exit  0x000003b8   ARM Code       8  sys_exit.o(.text)
    _sys_exit                                0x000003c1   Thumb Code     8  sys_exit.o(.text)
    __I$use$semihosting                      0x000003cc   ARM Code       0  use_no_semi.o(.text)
    __use_no_semihosting_swi                 0x000003cc   ARM Code       4  use_no_semi.o(.text)
    IRQDisable                               0x000003d0   ARM Code       0  vic_int_ctrl.o(CPU_INT_CTRL)
    __semihosting_library_function           0x000003d0   ARM Code       0  indicate_semi.o(.text)
    IRQEnable                                0x000003e0   ARM Code       0  vic_int_ctrl.o(CPU_INT_CTRL)
    FIQDisable                               0x000003f0   ARM Code       0  vic_int_ctrl.o(CPU_INT_CTRL)
    FIQEnable                                0x00000400   ARM Code       0  vic_int_ctrl.o(CPU_INT_CTRL)
    IRQ_Timer0                               0x00000410   ARM Code      48  timer.o(i.IRQ_Timer0)
    IRQ_Uart0                                0x00000448   ARM Code     216  uart0.o(i.IRQ_Uart0)
    UART0_SendBuf                            0x0000053c   ARM Code      68  uart0.o(i.UART0_SendBuf)
    UART0_SendByte                           0x00000584   ARM Code      12  uart0.o(i.UART0_SendByte)
    beepInit                                 0x00000594   ARM Code      36  beep.o(i.beepInit)
    beepTimes                                0x000005bc   ARM Code      64  beep.o(i.beepTimes)
    delay                                    0x00000600   ARM Code      44  delay.o(i.delay)
    digitalTubeInit                          0x00000630   ARM Code      52  digitaltube.o(i.digitalTubeInit)
    digitalTubeShow                          0x00000668   ARM Code     216  digitaltube.o(i.digitalTubeShow)
    functionModel1                           0x00000744   ARM Code     132  function.o(i.functionModel1)
    functionModel2                           0x000007d4   ARM Code     132  function.o(i.functionModel2)
    functionModel3                           0x00000864   ARM Code     108  function.o(i.functionModel3)
    keyInit                                  0x000008dc   ARM Code      52  key.o(i.keyInit)
    keyScan                                  0x00000914   ARM Code     212  key.o(i.keyScan)
    led0Off                                  0x000009f0   ARM Code      16  led.o(i.led0Off)
    led0On                                   0x00000a04   ARM Code      16  led.o(i.led0On)
    led1Off                                  0x00000a18   ARM Code      16  led.o(i.led1Off)
    led1On                                   0x00000a2c   ARM Code      16  led.o(i.led1On)
    led2Off                                  0x00000a40   ARM Code      16  led.o(i.led2Off)
    led2On                                   0x00000a54   ARM Code      16  led.o(i.led2On)
    led3Off                                  0x00000a68   ARM Code      16  led.o(i.led3Off)
    led3On                                   0x00000a7c   ARM Code      16  led.o(i.led3On)
    ledInit                                  0x00000a90   ARM Code      36  led.o(i.ledInit)
    ledOff                                   0x00000ab8   ARM Code      16  led.o(i.ledOff)
    main                                     0x00000acc   ARM Code     216  main.o(i.main)
    menu                                     0x00000bb0   ARM Code      24  function.o(i.menu)
    motorInit                                0x00000bcc   ARM Code     124  motor.o(i.motorInit)
    motorSpeed                               0x00000c50   ARM Code      60  motor.o(i.motorSpeed)
    timer0Init                               0x00000c90   ARM Code      92  timer.o(i.timer0Init)
    uart0Init                                0x00000cf8   ARM Code     124  uart0.o(i.uart0Init)
    tmp1                                     0x00000d80   Data           8  uart0.o(.constdata)
    tmp2                                     0x00000d88   Data           8  uart0.o(.constdata)
    tmp3                                     0x00000d90   Data           8  uart0.o(.constdata)
    Region$$Table$$Base                      0x00000d98   Number         0  anon$$obj.o(Region$$Table)
    Region$$Table$$Limit                     0x00000db8   Number         0  anon$$obj.o(Region$$Table)
    countDownNum                             0x40000000   Data           1  countdown.o(.data)
    flag                                     0x40000001   Data           1  function.o(.data)
    rcv_new                                  0x40000003   Data           1  uart0.o(.data)
    uart0Flag                                0x40000004   Data           1  uart0.o(.data)
    rcv_buf                                  0x40000005   Data           8  uart0.o(.data)
    tmp                                      0x4000000d   Data           8  uart0.o(.data)
    __libspace_start                         0x40000018   Data          96  libspace.o(.bss)
    __temporary_stack_top$libspace           0x40000078   Data           0  libspace.o(.bss)



==============================================================================

Memory Map of the image

  Image Entry point : 0x00000110

  Load Region LR_IROM1 (Base: 0x00000000, Size: 0x00000dd0, Max: 0x00008000, ABSOLUTE)

    Execution Region ER_IROM1 (Exec base: 0x00000000, Load base: 0x00000000, Size: 0x00000db8, Max: 0x00008000, ABSOLUTE)

    Exec Addr    Load Addr    Size         Type   Attr      Idx    E Section Name        Object

    0x00000000   0x00000000   0x00000110   Code   RO          335    RESET               startup.o
    0x00000110   0x00000110   0x00000008   Code   RO          347  * !!!main             c_t.l(__main.o)
    0x00000118   0x00000118   0x0000003c   Code   RO          508    !!!scatter          c_t.l(__scatter.o)
    0x00000154   0x00000154   0x00000028   Code   RO          510    !!handler_copy      c_t.l(__scatter_copy.o)
    0x0000017c   0x0000017c   0x0000002c   Code   RO          512    !!handler_zi        c_t.l(__scatter_zi.o)
    0x000001a8   0x000001a8   0x00000008   Ven    RO          374    .ARM.Collect$$libinit$$00000000  c_t.l(libinit.o)
    0x000001b0   0x000001b0   0x00000002   Code   RO          374    .ARM.Collect$$libinit$$00000000  c_t.l(libinit.o)
    0x000001b2   0x000001b2   0x00000000   Code   RO          381    .ARM.Collect$$libinit$$00000002  c_t.l(libinit2.o)
    0x000001b2   0x000001b2   0x00000000   Code   RO          383    .ARM.Collect$$libinit$$00000004  c_t.l(libinit2.o)
    0x000001b2   0x000001b2   0x00000000   Code   RO          386    .ARM.Collect$$libinit$$0000000A  c_t.l(libinit2.o)
    0x000001b2   0x000001b2   0x00000000   Code   RO          388    .ARM.Collect$$libinit$$0000000C  c_t.l(libinit2.o)
    0x000001b2   0x000001b2   0x00000000   Code   RO          390    .ARM.Collect$$libinit$$0000000E  c_t.l(libinit2.o)
    0x000001b2   0x000001b2   0x00000000   Code   RO          393    .ARM.Collect$$libinit$$00000011  c_t.l(libinit2.o)
    0x000001b2   0x000001b2   0x00000000   Code   RO          395    .ARM.Collect$$libinit$$00000013  c_t.l(libinit2.o)
    0x000001b2   0x000001b2   0x00000000   Code   RO          397    .ARM.Collect$$libinit$$00000015  c_t.l(libinit2.o)
    0x000001b2   0x000001b2   0x00000000   Code   RO          399    .ARM.Collect$$libinit$$00000017  c_t.l(libinit2.o)
    0x000001b2   0x000001b2   0x00000000   Code   RO          401    .ARM.Collect$$libinit$$00000019  c_t.l(libinit2.o)
    0x000001b2   0x000001b2   0x00000000   Code   RO          403    .ARM.Collect$$libinit$$0000001B  c_t.l(libinit2.o)
    0x000001b2   0x000001b2   0x00000000   Code   RO          405    .ARM.Collect$$libinit$$0000001D  c_t.l(libinit2.o)
    0x000001b2   0x000001b2   0x00000000   Code   RO          407    .ARM.Collect$$libinit$$0000001F  c_t.l(libinit2.o)
    0x000001b2   0x000001b2   0x00000000   Code   RO          409    .ARM.Collect$$libinit$$00000021  c_t.l(libinit2.o)
    0x000001b2   0x000001b2   0x00000000   Code   RO          411    .ARM.Collect$$libinit$$00000023  c_t.l(libinit2.o)
    0x000001b2   0x000001b2   0x00000000   Code   RO          413    .ARM.Collect$$libinit$$00000025  c_t.l(libinit2.o)
    0x000001b2   0x000001b2   0x00000000   Code   RO          417    .ARM.Collect$$libinit$$0000002C  c_t.l(libinit2.o)
    0x000001b2   0x000001b2   0x00000000   Code   RO          419    .ARM.Collect$$libinit$$0000002E  c_t.l(libinit2.o)
    0x000001b2   0x000001b2   0x00000000   Code   RO          421    .ARM.Collect$$libinit$$00000030  c_t.l(libinit2.o)
    0x000001b2   0x000001b2   0x00000000   Code   RO          423    .ARM.Collect$$libinit$$00000032  c_t.l(libinit2.o)
    0x000001b2   0x000001b2   0x0000000c   Code   RO          424    .ARM.Collect$$libinit$$00000033  c_t.l(libinit2.o)
    0x000001be   0x000001be   0x00000002   PAD
    0x000001c0   0x000001c0   0x00000008   Ven    RO          444    .ARM.Collect$$libshutdown$$00000000  c_t.l(libshutdown.o)
    0x000001c8   0x000001c8   0x00000004   Code   RO          444    .ARM.Collect$$libshutdown$$00000000  c_t.l(libshutdown.o)
    0x000001cc   0x000001cc   0x00000000   Code   RO          457    .ARM.Collect$$libshutdown$$00000002  c_t.l(libshutdown2.o)
    0x000001cc   0x000001cc   0x00000000   Code   RO          459    .ARM.Collect$$libshutdown$$00000004  c_t.l(libshutdown2.o)
    0x000001cc   0x000001cc   0x00000000   Code   RO          461    .ARM.Collect$$libshutdown$$00000006  c_t.l(libshutdown2.o)
    0x000001cc   0x000001cc   0x00000000   Code   RO          464    .ARM.Collect$$libshutdown$$00000009  c_t.l(libshutdown2.o)
    0x000001cc   0x000001cc   0x00000000   Code   RO          467    .ARM.Collect$$libshutdown$$0000000C  c_t.l(libshutdown2.o)
    0x000001cc   0x000001cc   0x00000000   Code   RO          469    .ARM.Collect$$libshutdown$$0000000E  c_t.l(libshutdown2.o)
    0x000001cc   0x000001cc   0x00000000   Code   RO          472    .ARM.Collect$$libshutdown$$00000011  c_t.l(libshutdown2.o)
    0x000001cc   0x000001cc   0x00000006   Code   RO          473    .ARM.Collect$$libshutdown$$00000012  c_t.l(libshutdown2.o)
    0x000001d2   0x000001d2   0x00000002   PAD
    0x000001d4   0x000001d4   0x00000000   Code   RO          349    .ARM.Collect$$rtentry$$00000000  c_t.l(__rtentry.o)
    0x000001d4   0x000001d4   0x00000000   Code   RO          351    .ARM.Collect$$rtentry$$00000002  c_t.l(__rtentry2.o)
    0x000001d4   0x000001d4   0x00000008   Code   RO          363    .ARM.Collect$$rtentry$$00000004  c_t.l(__rtentry4.o)
    0x000001dc   0x000001dc   0x00000000   Code   RO          353    .ARM.Collect$$rtentry$$00000009  c_t.l(__rtentry2.o)
    0x000001dc   0x000001dc   0x00000004   Code   RO          354    .ARM.Collect$$rtentry$$0000000A  c_t.l(__rtentry2.o)
    0x000001e0   0x000001e0   0x00000000   Code   RO          356    .ARM.Collect$$rtentry$$0000000C  c_t.l(__rtentry2.o)
    0x000001e0   0x000001e0   0x00000028   Code   RO          357    .ARM.Collect$$rtentry$$0000000D  c_t.l(__rtentry2.o)
    0x00000208   0x00000208   0x00000004   Ven    RO          378    .ARM.Collect$$rtexit$$00000000  c_t.l(rtexit.o)
    0x0000020c   0x0000020c   0x00000004   Code   RO          378    .ARM.Collect$$rtexit$$00000000  c_t.l(rtexit.o)
    0x00000210   0x00000210   0x00000000   Code   RO          426    .ARM.Collect$$rtexit$$00000002  c_t.l(rtexit2.o)
    0x00000210   0x00000210   0x00000004   Code   RO          427    .ARM.Collect$$rtexit$$00000003  c_t.l(rtexit2.o)
    0x00000214   0x00000214   0x00000008   Code   RO          428    .ARM.Collect$$rtexit$$00000004  c_t.l(rtexit2.o)
    0x0000021c   0x0000021c   0x00000020   Code   RO          336    .text               startup.o
    0x0000023c   0x0000023c   0x000000f4   Code   RO          343    .text               c_t.l(strcmp.o)
    0x00000330   0x00000330   0x00000006   Code   RO          345    .text               c_t.l(heapauxi.o)
    0x00000336   0x00000336   0x00000002   PAD
    0x00000338   0x00000338   0x00000060   Code   RO          365    .text               c_t.l(sys_stackheap_outer.o)
    0x00000398   0x00000398   0x00000014   Code   RO          367    .text               c_t.l(exit.o)
    0x000003ac   0x000003ac   0x0000000c   Code   RO          375    .text               c_t.l(libspace.o)
    0x000003b8   0x000003b8   0x00000008   Ven    RO          436    .text               c_t.l(sys_exit.o)
    0x000003c0   0x000003c0   0x0000000c   Code   RO          436    .text               c_t.l(sys_exit.o)
    0x000003cc   0x000003cc   0x00000004   Code   RO          447    .text               c_t.l(use_no_semi.o)
    0x000003d0   0x000003d0   0x00000000   Code   RO          449    .text               c_t.l(indicate_semi.o)
    0x000003d0   0x000003d0   0x00000040   Code   RO          329    CPU_INT_CTRL        vic_int_ctrl.o
    0x00000410   0x00000410   0x00000038   Code   RO          195    i.IRQ_Timer0        timer.o
    0x00000448   0x00000448   0x000000f4   Code   RO          289    i.IRQ_Uart0         uart0.o
    0x0000053c   0x0000053c   0x00000048   Code   RO          290    i.UART0_SendBuf     uart0.o
    0x00000584   0x00000584   0x00000010   Code   RO          291    i.UART0_SendByte    uart0.o
    0x00000594   0x00000594   0x00000028   Code   RO          231    i.beepInit          beep.o
    0x000005bc   0x000005bc   0x00000044   Code   RO          232    i.beepTimes         beep.o
    0x00000600   0x00000600   0x00000030   Code   RO           54    i.delay             delay.o
    0x00000630   0x00000630   0x00000038   Code   RO          213    i.digitalTubeInit   digitaltube.o
    0x00000668   0x00000668   0x000000dc   Code   RO          214    i.digitalTubeShow   digitaltube.o
    0x00000744   0x00000744   0x00000090   Code   RO           84    i.functionModel1    function.o
    0x000007d4   0x000007d4   0x00000090   Code   RO           85    i.functionModel2    function.o
    0x00000864   0x00000864   0x00000078   Code   RO           86    i.functionModel3    function.o
    0x000008dc   0x000008dc   0x00000038   Code   RO          270    i.keyInit           key.o
    0x00000914   0x00000914   0x000000dc   Code   RO          271    i.keyScan           key.o
    0x000009f0   0x000009f0   0x00000014   Code   RO          123    i.led0Off           led.o
    0x00000a04   0x00000a04   0x00000014   Code   RO          124    i.led0On            led.o
    0x00000a18   0x00000a18   0x00000014   Code   RO          125    i.led1Off           led.o
    0x00000a2c   0x00000a2c   0x00000014   Code   RO          126    i.led1On            led.o
    0x00000a40   0x00000a40   0x00000014   Code   RO          127    i.led2Off           led.o
    0x00000a54   0x00000a54   0x00000014   Code   RO          128    i.led2On            led.o
    0x00000a68   0x00000a68   0x00000014   Code   RO          129    i.led3Off           led.o
    0x00000a7c   0x00000a7c   0x00000014   Code   RO          130    i.led3On            led.o
    0x00000a90   0x00000a90   0x00000028   Code   RO          131    i.ledInit           led.o
    0x00000ab8   0x00000ab8   0x00000014   Code   RO          132    i.ledOff            led.o
    0x00000acc   0x00000acc   0x000000e4   Code   RO            1    i.main              main.o
    0x00000bb0   0x00000bb0   0x0000001c   Code   RO           87    i.menu              function.o
    0x00000bcc   0x00000bcc   0x00000084   Code   RO          252    i.motorInit         motor.o
    0x00000c50   0x00000c50   0x00000040   Code   RO          253    i.motorSpeed        motor.o
    0x00000c90   0x00000c90   0x00000068   Code   RO          196    i.timer0Init        timer.o
    0x00000cf8   0x00000cf8   0x00000088   Code   RO          292    i.uart0Init         uart0.o
    0x00000d80   0x00000d80   0x00000018   Data   RO          293    .constdata          uart0.o
    0x00000d98   0x00000d98   0x00000020   Data   RO          506    Region$$Table       anon$$obj.o


    Execution Region RW_IRAM1 (Exec base: 0x40000000, Load base: 0x00000db8, Size: 0x00000500, Max: 0x00002000, ABSOLUTE)

    Exec Addr    Load Addr    Size         Type   Attr      Idx    E Section Name        Object

    0x40000000   0x00000db8   0x00000001   Data   RW           69    .data               countdown.o
    0x40000001   0x00000db9   0x00000001   Data   RW           88    .data               function.o
    0x40000002   0x00000dba   0x00000001   Data   RW          272    .data               key.o
    0x40000003   0x00000dbb   0x00000012   Data   RW          294    .data               uart0.o
    0x40000015   0x00000dcd   0x00000003   PAD
    0x40000018        -       0x00000060   Zero   RW          376    .bss                c_t.l(libspace.o)
    0x40000078        -       0x00000000   Zero   RW          334    HEAP                startup.o
    0x40000078        -       0x00000488   Zero   RW          333    STACK               startup.o


==============================================================================

Image component sizes


      Code (inc. data)   RO Data    RW Data    ZI Data      Debug   Object Name

       108          8          0          0          0        903   beep.o
         0          0          0          1          0        235   countdown.o
        48          4          0          0          0        936   delay.o
       276          8          0          0          0       1008   digitaltube.o
       436         40          0          1          0       2173   function.o
       276         12          0          1          0       1012   key.o
       220         40          0          0          0       3775   led.o
       228         12          0          0          0       1943   main.o
       196         12          0          0          0        881   motor.o
       304         60          0          0       1160        540   startup.o
       160         20          0          0          0        894   timer.o
       468         48         24         18          0       2692   uart0.o
        64          0          0          0          0        284   vic_int_ctrl.o

    ----------------------------------------------------------------------
      2784        264         56         24       1160      17276   Object Totals
         0          0         32          0          0          0   (incl. Generated)
         0          0          0          3          0          0   (incl. Padding)

    ----------------------------------------------------------------------

      Code (inc. data)   RO Data    RW Data    ZI Data      Debug   Library Member Name

         8          0          0          0          0         68   __main.o
         0          0          0          0          0          0   __rtentry.o
        44          4          0          0          0          0   __rtentry2.o
         8          0          0          0          0          0   __rtentry4.o
        60          8          0          0          0          0   __scatter.o
        40          0          0          0          0          0   __scatter_copy.o
        44          0          0          0          0          0   __scatter_zi.o
        20          0          0          0          0         80   exit.o
         6          0          0          0          0        136   heapauxi.o
         0          0          0          0          0          0   indicate_semi.o
        10          0          0          0          0          0   libinit.o
        12          0          0          0          0          0   libinit2.o
        12          0          0          0          0          0   libshutdown.o
         6          0          0          0          0          0   libshutdown2.o
        12          4          0          0         96         68   libspace.o
         8          0          0          0          0          0   rtexit.o
        12          0          0          0          0          0   rtexit2.o
       244          4          0          0          0         80   strcmp.o
        20          4          0          0          0         60   sys_exit.o
        96          0          0          0          0         80   sys_stackheap_outer.o
         4          0          0          0          0         68   use_no_semi.o

    ----------------------------------------------------------------------
       672         24          0          0         96        640   Library Totals
         6          0          0          0          0          0   (incl. Padding)

    ----------------------------------------------------------------------

      Code (inc. data)   RO Data    RW Data    ZI Data      Debug   Library Name

       666         24          0          0         96        640   c_t.l

    ----------------------------------------------------------------------
       672         24          0          0         96        640   Library Totals

    ----------------------------------------------------------------------

==============================================================================


      Code (inc. data)   RO Data    RW Data    ZI Data      Debug   

      3456        288         56         24       1256      16472   Grand Totals
      3456        288         56         24       1256      16472   ELF Image Totals
      3456        288         56         24          0          0   ROM Totals

==============================================================================

    Total RO  Size (Code + RO Data)                 3512 (   3.43kB)
    Total RW  Size (RW Data + ZI Data)              1280 (   1.25kB)
    Total ROM Size (Code + RO Data + RW Data)       3536 (   3.45kB)

==============================================================================

